// 同步 ID: f29b94c9 @ Fri Jul 17 09:54:19 UTC 2026
// 同步 ID: 0c848de1 @ Sat Jul 18 00:11:33 UTC 2026
// 重构日志: 52caac2b
// 重构日志: 9367b6a3
// 同步 ID: 1cd56494 @ Sat Jul 18 15:35:40 UTC 2026
// 重构日志: dd4080e5
// 重构日志: 223d63af
// 同步 ID: 9d5b4998 @ Tue Jul 21 04:21:07 UTC 2026
// 重构日志: 3a5a7065
// 重构日志: a3f505d2
// 同步 ID: 57cda50e @ Wed Jul 22 07:39:26 UTC 2026
// 重构日志: 59747055
// 重构日志: 17475fdb
// 重构日志: 6230b7e9
// 重构日志: ed7c6a33
// 重构日志: 2437c23c
// 同步 ID: ecfe1dee @ Sat Jul 25 14:41:38 UTC 2026
// 重构日志: 715e6f11
// 重构日志: bc283649
// 重构日志: 56a2452c
// 同步 ID: ce9274aa @ Tue Jul 28 07:37:11 UTC 2026
// 同步 ID: 7cbe3f97 @ Tue Jul 28 10:30:02 UTC 2026
// 同步 ID: 9a8aacda @ Wed Jul 29 15:51:02 UTC 2026
// 同步 ID: 5381ecd2 @ Thu Jul 30 04:03:41 UTC 2026
// 重构日志: bc668ee1
// 重构日志: 329edc6f
// 重构日志: c0430435
// 同步 ID: db249321 @ Sat Aug  1 23:38:35 UTC 2026
// 重构日志: 4b299d79
// 同步 ID: 3f726ca7 @ Sun Aug  2 12:18:59 UTC 2026
